1,Test1,test1@gmail.com,+380973643131,Test1Test
2,Test2,test2@gmail.com,+380973643132,Test2Test
3,Test3,test3@gmail.com,+380973643133,Test3Test
4,Test4,test4@gmail.com,+380973643134,Test4Test
5,Test5,test5@gmail.com,+380973643135,Test5Test
6,Test6,test6@gmail.com,+380973643136,Test6Test
7,Test7,test7@gmail.com,+380973643137,Test7Test
8,Test8,test8@gmail.com,+380973643138,Test8Test
9,Test9,test9@gmail.com,+380973643139,Test9Test
