1,Test Order 1,1,111
2,Test Order 2,1,222
3,Test Order 3,1,333
4,Test Order 4,2,444
5,Test Order 5,2,555
6,Test Order 6,2,666
7,Test Order 7,3,777
8,Test Order 8,3,888
9,Test Order 9,3,999
